   Compiling libc v0.2.186
   Compiling proc-macro2 v1.0.106
   Compiling quote v1.0.46
   Compiling unicode-ident v1.0.24
   Compiling version_check v0.9.5
   Compiling itoa v1.0.18
   Compiling serde_core v1.0.228
   Compiling typenum v1.20.1
   Compiling memchr v2.8.2
   Compiling serde v1.0.228
   Compiling subtle v2.6.1
   Compiling zmij v1.0.21
   Compiling find-msvc-tools v0.1.9
   Compiling shlex v2.0.1
   Compiling serde_json v1.0.150
   Compiling cfg-if v1.0.4
   Compiling cpufeatures v0.2.17
   Compiling pkg-config v0.3.33
   Compiling log v0.4.33
   Compiling pin-project-lite v0.2.17
   Compiling futures-core v0.3.32
   Compiling semver v1.0.28
   Compiling bytes v1.12.1
   Compiling zstd-safe v7.2.4
   Compiling half v1.8.3
   Compiling httparse v1.10.1
   Compiling regex-syntax v0.8.11
   Compiling once_cell v1.21.4
   Compiling inotify-sys v0.1.8
   Compiling slab v0.4.12
   Compiling futures-task v0.3.32
   Compiling rustversion v1.0.23
   Compiling zeroize v1.9.0
   Compiling signature v2.2.0
   Compiling generic-array v0.14.7
   Compiling rustc_version v0.4.1
   Compiling tower-service v0.3.3
   Compiling tracing-core v0.1.36
   Compiling futures-util v0.3.32
   Compiling ed25519 v2.2.3
   Compiling futures-channel v0.3.32
   Compiling httpdate v1.0.3
   Compiling smallvec v1.15.2
   Compiling anyhow v1.0.103
   Compiling curve25519-dalek v4.1.3
   Compiling aho-corasick v1.1.4
   Compiling atomic-waker v1.1.2
   Compiling bitflags v2.13.0
   Compiling percent-encoding v2.3.2
   Compiling tower-layer v0.3.3
   Compiling bit-vec v0.6.3
   Compiling sync_wrapper v1.0.2
   Compiling http v1.4.2
   Compiling tracing v0.1.44
   Compiling form_urlencoded v1.2.2
   Compiling syn v2.0.118
   Compiling bit-set v0.5.3
   Compiling mime v0.3.17
   Compiling deranged v0.5.8
   Compiling num-conv v0.2.2
   Compiling time-core v0.1.9
   Compiling powerfmt v0.2.0
   Compiling ryu v1.0.23
   Compiling jobserver v0.1.35
   Compiling same-file v1.0.6
   Compiling notify-types v2.1.0
   Compiling block-buffer v0.10.4
   Compiling crypto-common v0.1.7
   Compiling walkdir v2.5.0
   Compiling matchit v0.7.3
   Compiling digest v0.10.7
   Compiling errno v0.3.14
   Compiling mio v1.2.1
   Compiling signal-hook-registry v1.4.8
   Compiling socket2 v0.6.4
   Compiling cc v1.2.67
   Compiling http-body v1.0.1
   Compiling sha2 v0.10.9
   Compiling http-body-util v0.1.3
   Compiling inotify v0.11.4
   Compiling lazy_static v1.5.0
   Compiling base64 v0.22.1
   Compiling rustc-hash v1.1.0
   Compiling hmac v0.12.1
   Compiling nando-core v0.1.0 (/home/e/.cache/nando-s1c3-20260812T093629Z-36ffc0cbf56b-s1c3b-v1/candidate/crates/nando-core)
   Compiling notify v8.2.0
   Compiling time v0.3.53
   Compiling regex-automata v0.4.15
   Compiling zstd-sys v2.0.16+zstd.1.5.7
   Compiling libmimalloc-sys v0.1.49
   Compiling serde_bytes v0.11.19
   Compiling serde_path_to_error v0.1.20
   Compiling serde_derive v1.0.228
   Compiling tokio-macros v2.7.0
   Compiling curve25519-dalek-derive v0.1.1
   Compiling async-trait v0.1.89
   Compiling tokio v1.52.3
   Compiling axum-core v0.4.5
   Compiling ed25519-dalek v2.2.0
   Compiling fancy-regex v0.13.0
   Compiling regex v1.13.0
   Compiling bstr v1.13.0
   Compiling mimalloc v0.1.52
   Compiling nando-operator-kernel v0.1.0 (/home/e/.cache/nando-s1c3-20260812T093629Z-36ffc0cbf56b-s1c3b-v1/candidate/crates/nando-operator-kernel)
   Compiling serde_cbor v0.11.2
   Compiling nando-client-evidence v0.1.0 (/home/e/.cache/nando-s1c3-20260812T093629Z-36ffc0cbf56b-s1c3b-v1/candidate/crates/nando-client-evidence)
   Compiling hyper v1.10.1
   Compiling tower v0.5.3
   Compiling serde_urlencoded v0.7.1
   Compiling nando-transition-actor v0.1.0 (/home/e/.cache/nando-s1c3-20260812T093629Z-36ffc0cbf56b-s1c3b-v1/candidate/crates/nando-transition-actor)
   Compiling nando-expression-runtime v0.1.0 (/home/e/.cache/nando-s1c3-20260812T093629Z-36ffc0cbf56b-s1c3b-v1/candidate/crates/nando-expression-runtime)
   Compiling tiktoken-rs v0.7.0
   Compiling hyper-util v0.1.20
   Compiling nando-transition-inducer v0.1.0 (/home/e/.cache/nando-s1c3-20260812T093629Z-36ffc0cbf56b-s1c3b-v1/candidate/crates/nando-transition-inducer)
   Compiling axum v0.7.9
   Compiling zstd v0.13.3
   Compiling nando-operator-proof v0.1.0 (/home/e/.cache/nando-s1c3-20260812T093629Z-36ffc0cbf56b-s1c3b-v1/candidate/crates/nando-operator-proof)
   Compiling nando-operator-runtime v0.1.0 (/home/e/.cache/nando-s1c3-20260812T093629Z-36ffc0cbf56b-s1c3b-v1/candidate/crates/nando-operator-runtime)
   Compiling nando-operator-learning v0.1.0 (/home/e/.cache/nando-s1c3-20260812T093629Z-36ffc0cbf56b-s1c3b-v1/candidate/crates/nando-operator-learning)
   Compiling nando-operator-persistence v0.1.0 (/home/e/.cache/nando-s1c3-20260812T093629Z-36ffc0cbf56b-s1c3b-v1/candidate/crates/nando-operator-persistence)
   Compiling nando-operator-admission v0.1.0 (/home/e/.cache/nando-s1c3-20260812T093629Z-36ffc0cbf56b-s1c3b-v1/candidate/crates/nando-operator-admission)
   Compiling nando-response-actor v0.1.0 (/home/e/.cache/nando-s1c3-20260812T093629Z-36ffc0cbf56b-s1c3b-v1/candidate/crates/nando-response-actor)
   Compiling nando-transition-serving v0.1.0 (/home/e/.cache/nando-s1c3-20260812T093629Z-36ffc0cbf56b-s1c3b-v1/candidate/crates/nando-transition-serving)
    Finished `release` profile [optimized] target(s) in 2m 20s
