    Checking itoa v1.0.18
    Checking typenum v1.20.1
    Checking memchr v2.8.2
    Checking subtle v2.6.1
    Checking cfg-if v1.0.4
    Checking cpufeatures v0.2.17
    Checking half v1.8.3
    Checking zeroize v1.9.0
    Checking signature v2.2.0
    Checking libc v0.2.186
    Checking log v0.4.33
    Checking serde_core v1.0.228
    Checking zmij v1.0.21
    Checking pin-project-lite v0.2.17
    Checking futures-core v0.3.32
    Checking bytes v1.12.1
    Checking once_cell v1.21.4
    Checking zstd-sys v2.0.16+zstd.1.5.7
    Checking regex-syntax v0.8.11
    Checking tower-service v0.3.3
    Checking futures-task v0.3.32
    Checking slab v0.4.12
    Checking ed25519 v2.2.3
    Checking httparse v1.10.1
    Checking httpdate v1.0.3
    Checking percent-encoding v2.3.2
    Checking tracing-core v0.1.36
    Checking tower-layer v0.3.3
    Checking futures-channel v0.3.32
    Checking atomic-waker v1.1.2
    Checking bit-vec v0.6.3
    Checking zstd-safe v7.2.4
    Checking bitflags v2.13.0
    Checking sync_wrapper v1.0.2
    Checking smallvec v1.15.2
    Checking powerfmt v0.2.0
    Checking ryu v1.0.23
    Checking num-conv v0.2.2
    Checking form_urlencoded v1.2.2
    Checking mime v0.3.17
    Checking deranged v0.5.8
    Checking futures-util v0.3.32
    Checking time-core v0.1.9
    Checking zstd v0.13.3
    Checking same-file v1.0.6
    Checking notify-types v2.1.0
    Checking bit-set v0.5.3
    Checking libmimalloc-sys v0.1.49
    Checking anyhow v1.0.103
    Checking matchit v0.7.3
    Checking rustc-hash v1.1.0
    Checking base64 v0.22.1
    Checking lazy_static v1.5.0
    Checking walkdir v2.5.0
    Checking mimalloc v0.1.52
    Checking http v1.4.2
    Checking tracing v0.1.44
    Checking aho-corasick v1.1.4
    Checking generic-array v0.14.7
    Checking mio v1.2.1
    Checking errno v0.3.14
    Checking socket2 v0.6.4
    Checking inotify-sys v0.1.8
    Checking signal-hook-registry v1.4.8
    Checking inotify v0.11.4
    Checking time v0.3.53
    Checking http-body v1.0.1
    Checking crypto-common v0.1.7
    Checking block-buffer v0.10.4
    Checking http-body-util v0.1.3
    Checking digest v0.10.7
    Checking notify v8.2.0
    Checking tokio v1.52.3
    Checking sha2 v0.10.9
    Checking curve25519-dalek v4.1.3
    Checking hmac v0.12.1
    Checking regex-automata v0.4.15
    Checking nando-core v0.1.0 (/tmp/nando-s1c1-v3-check-e8dafe81/crates/nando-core)
    Checking axum-core v0.4.5
    Checking ed25519-dalek v2.2.0
    Checking serde v1.0.228
    Checking serde_json v1.0.150
    Checking serde_bytes v0.11.19
    Checking serde_path_to_error v0.1.20
    Checking serde_cbor v0.11.2
    Checking serde_urlencoded v0.7.1
    Checking nando-operator-kernel v0.1.0 (/tmp/nando-s1c1-v3-check-e8dafe81/crates/nando-operator-kernel)
    Checking nando-client-evidence v0.1.0 (/tmp/nando-s1c1-v3-check-e8dafe81/crates/nando-client-evidence)
    Checking nando-transition-actor v0.1.0 (/tmp/nando-s1c1-v3-check-e8dafe81/crates/nando-transition-actor)
    Checking nando-expression-runtime v0.1.0 (/tmp/nando-s1c1-v3-check-e8dafe81/crates/nando-expression-runtime)
    Checking hyper v1.10.1
    Checking tower v0.5.3
    Checking hyper-util v0.1.20
    Checking axum v0.7.9
    Checking fancy-regex v0.13.0
    Checking regex v1.13.0
    Checking bstr v1.13.0
    Checking tiktoken-rs v0.7.0
    Checking nando-transition-inducer v0.1.0 (/tmp/nando-s1c1-v3-check-e8dafe81/crates/nando-transition-inducer)
    Checking nando-operator-proof v0.1.0 (/tmp/nando-s1c1-v3-check-e8dafe81/crates/nando-operator-proof)
    Checking nando-operator-runtime v0.1.0 (/tmp/nando-s1c1-v3-check-e8dafe81/crates/nando-operator-runtime)
    Checking nando-operator-learning v0.1.0 (/tmp/nando-s1c1-v3-check-e8dafe81/crates/nando-operator-learning)
    Checking nando-operator-persistence v0.1.0 (/tmp/nando-s1c1-v3-check-e8dafe81/crates/nando-operator-persistence)
    Checking nando-operator-admission v0.1.0 (/tmp/nando-s1c1-v3-check-e8dafe81/crates/nando-operator-admission)
    Checking nando-response-actor v0.1.0 (/tmp/nando-s1c1-v3-check-e8dafe81/crates/nando-response-actor)
    Checking nando-transition-serving v0.1.0 (/tmp/nando-s1c1-v3-check-e8dafe81/crates/nando-transition-serving)
    Finished `dev` profile [unoptimized] target(s) in 1m 01s
